Microsoft Windows [Version 10.0.22631.4037]
(c) Microsoft Corporation. All rights reserved.

C:\Users\ammus\OneDrive\Desktop\Git>git init
Initialized empty Git repository in C:/Users/ammus/OneDrive/Desktop/Git/.git/

C:\Users\ammus\OneDrive\Desktop\Git>git status
On branch main

No commits yet

Untracked files:
  (use "git add <file>..." to include in what will be committed)
        New.txt

nothing added to commit but untracked files present (use "git add" to track)

C:\Users\ammus\OneDrive\Desktop\Git>git add .

C:\Users\ammus\OneDrive\Desktop\Git>git status
On branch main

No commits yet

Changes to be committed:
  (use "git rm --cached <file>..." to unstage)
        new file:   New.txt


C:\Users\ammus\OneDrive\Desktop\Git>git commit -m"new file added New.txt"
Author identity unknown

*** Please tell me who you are.

Run

  git config --global user.email "you@example.com"
  git config --global user.name "Your Name"

to set your account's default identity.
Omit --global to set the identity only in this repository.

fatal: unable to auto-detect email address (got 'Ammu@Ammu.(none)')

C:\Users\ammus\OneDrive\Desktop\Git>git config --global user.email "ammus3466@gmail.com"

C:\Users\ammus\OneDrive\Desktop\Git>git config --global user.name "Ashley7595"

C:\Users\ammus\OneDrive\Desktop\Git>git commit -m"new file added New.txt"
[main (root-commit) f4cc4f3] new file added New.txt
 1 file changed, 1 insertion(+)
 create mode 100644 New.txt

C:\Users\ammus\OneDrive\Desktop\Git>git log
commit f4cc4f3623c4d882fd7a486907bf18cbe25c6a63 (HEAD -> main)
Author: Ashley7595 <ammus3466@gmail.com>
Date:   Thu Aug 22 16:30:00 2024 +0530

    new file added New.txt

